
> react-kavia@0.1.0 start
> cross-env EDIT_MODE=true webpack serve --config .ve/webpack.config.js --mode development

<i> [webpack-dev-server] Project is running at:
<i> [webpack-dev-server] Loopback: http://localhost:3000/, http://[::1]:3000/
<i> [webpack-dev-server] On Your Network (IPv4): http://172.17.0.2:3000/
<i> [webpack-dev-server] Content not from webpack is served from './public' directory
Injecting EditorRootWrapper import: ../.ve/EditorRootWrapper
asset bundle.js 1.43 MiB [emitted] (name: main)
asset index.html 1.92 KiB [emitted]
runtime modules 27.5 KiB 14 modules
modules by path ./node_modules/ 1.24 MiB 31 modules
modules by path ./src/ 49.5 KiB
  modules by path ./src/*.css 43.1 KiB 4 modules
  modules by path ./src/*.js 6.42 KiB
    ./src/index.js 530 bytes [built] [code generated]
    ./src/App.js 5.9 KiB [built] [code generated]
modules by path ./.ve/ 15.1 KiB
  modules by path ./.ve/*.js 10.6 KiB 2 modules
  modules by path ./.ve/*.css 2.93 KiB
    ./.ve/EditorOverlay.css 2.25 KiB [built] [code generated]
    ./node_modules/css-loader/dist/cjs.js!./.ve/EditorOverlay.css 697 bytes [built] [code generated]
  ./.ve/EditorOverlay.jsx 1.58 KiB [built] [code generated]
webpack 5.99.9 compiled successfully in 1574 ms
assets by status 1.92 KiB [cached] 1 asset
assets by path *.js 1.45 MiB
  asset bundle.js 1.44 MiB [emitted] (name: main)
  asset main.0880c4222fc08ee10a19.hot-update.js 14 KiB [emitted] [immutable] [hmr] (name: main)
asset main.0880c4222fc08ee10a19.hot-update.json 28 bytes [emitted] [immutable] [hmr]
Entrypoint main 1.45 MiB = bundle.js 1.44 MiB main.0880c4222fc08ee10a19.hot-update.js 14 KiB
cached modules 1.3 MiB [cached] 41 modules
runtime modules 27.5 KiB 14 modules
./src/App.js 10.2 KiB [built] [code generated]
webpack 5.99.9 compiled successfully in 147 ms
assets by status 1.92 KiB [cached] 1 asset
assets by path *.js 1.48 MiB
  asset bundle.js 1.44 MiB [emitted] (name: main)
  asset main.57bb5012dbdad7649594.hot-update.js 44.5 KiB [emitted] [immutable] [hmr] (name: main)
asset main.57bb5012dbdad7649594.hot-update.json 28 bytes [emitted] [immutable] [hmr]
Entrypoint main 1.48 MiB = bundle.js 1.44 MiB main.57bb5012dbdad7649594.hot-update.js 44.5 KiB
cached modules 1.27 MiB [cached] 41 modules
runtime modules 27.5 KiB 14 modules
./node_modules/css-loader/dist/cjs.js!./src/App.css 40.2 KiB [built] [code generated]
webpack 5.99.9 compiled successfully in 82 ms
assets by status 1.44 MiB [cached] 2 assets
cached modules 1.3 MiB (javascript) 27.5 KiB (runtime) [cached] 55 modules
./src/App.js 10.2 KiB [built]
webpack 5.99.9 compiled successfully in 70 ms
assets by status 1.44 MiB [cached] 2 assets
cached modules 1.3 MiB (javascript) 27.5 KiB (runtime) [cached] 55 modules
./src/App.js 10.2 KiB [built]
webpack 5.99.9 compiled successfully in 57 ms
assets by status 1.44 MiB [cached] 2 assets
cached modules 1.3 MiB (javascript) 27.5 KiB (runtime) [cached] 55 modules
./src/App.js 10.2 KiB [built]
webpack 5.99.9 compiled successfully in 54 ms
